V3 4
FL "C:/Users/User/Desktop/Politechnika/PUR projekt/FrequencyDetector/top.vhd" 2017/01/23.10:08:49 P.20131013
EN work/top 1485162532 \
      FL "C:/Users/User/Desktop/Politechnika/PUR projekt/FrequencyDetector/top.vhd" \
      PB ieee/std_logic_1164 1381692176
AR work/top/Behavioral 1485162533 \
      FL "C:/Users/User/Desktop/Politechnika/PUR projekt/FrequencyDetector/top.vhd" \
      EN work/top 1485162532 CP fft
