V3 25
FL C:/Users/User/Desktop/Politechnika/FrequencyDetector/FrequencyDetector/complex_package.vhd 2017/01/28.11:58:14 P.20131013
PH work/complex_package 1485620905 \
      FL C:/Users/User/Desktop/Politechnika/FrequencyDetector/FrequencyDetector/complex_package.vhd \
      PB ieee/std_logic_1164 1381692176 PB ieee/NUMERIC_STD 1381692181
PB work/complex_package 1485620906 \
      FL C:/Users/User/Desktop/Politechnika/FrequencyDetector/FrequencyDetector/complex_package.vhd \
      PH work/complex_package 1485620905
FL C:/Users/User/Desktop/Politechnika/FrequencyDetector/FrequencyDetector/dcm.vhd 2017/01/23.10:15:46 P.20131013
EN work/dcm 1485620909 \
      FL C:/Users/User/Desktop/Politechnika/FrequencyDetector/FrequencyDetector/dcm.vhd \
      PB ieee/std_logic_1164 1381692176 PB ieee/NUMERIC_STD 1381692181 LB UNISIM \
      PH unisim/VCOMPONENTS 1381692182
AR work/dcm/BEHAVIORAL 1485620910 \
      FL C:/Users/User/Desktop/Politechnika/FrequencyDetector/FrequencyDetector/dcm.vhd \
      EN work/dcm 1485620909 CP BUFG CP IBUFG CP DCM_SP
FL C:/Users/User/Desktop/Politechnika/FrequencyDetector/FrequencyDetector/detector_sdft.vhd 2017/01/28.17:15:00 P.20131013
EN work/detector_sdft 1485620913 \
      FL C:/Users/User/Desktop/Politechnika/FrequencyDetector/FrequencyDetector/detector_sdft.vhd \
      PB ieee/std_logic_1164 1381692176
AR work/detector_sdft/Behavioral 1485620914 \
      FL C:/Users/User/Desktop/Politechnika/FrequencyDetector/FrequencyDetector/detector_sdft.vhd \
      EN work/detector_sdft 1485620913 CP dcm CP work/sdft
FL C:/Users/User/Desktop/Politechnika/FrequencyDetector/FrequencyDetector/sdft.vhd 2017/01/28.17:27:53 P.20131013
EN work/sdft 1485620911 \
      FL C:/Users/User/Desktop/Politechnika/FrequencyDetector/FrequencyDetector/sdft.vhd \
      PB ieee/std_logic_1164 1381692176 PB ieee/NUMERIC_STD 1381692181 \
      PB work/complex_package 1485620906 PB work/sdft_constant_lut 1485620908
AR work/sdft/Behavioral 1485620912 \
      FL C:/Users/User/Desktop/Politechnika/FrequencyDetector/FrequencyDetector/sdft.vhd \
      EN work/sdft 1485620911
FL C:/Users/User/Desktop/Politechnika/FrequencyDetector/FrequencyDetector/sdft_constant_lut.vhd 2017/01/26.20:05:24 P.20131013
PH work/sdft_constant_lut 1485620907 \
      FL C:/Users/User/Desktop/Politechnika/FrequencyDetector/FrequencyDetector/sdft_constant_lut.vhd \
      PB ieee/std_logic_1164 1381692176
PB work/sdft_constant_lut 1485620908 \
      FL C:/Users/User/Desktop/Politechnika/FrequencyDetector/FrequencyDetector/sdft_constant_lut.vhd \
      PH work/sdft_constant_lut 1485620907
FL C:/Users/User/Desktop/Politechnika/FrequencyDetector/FrequencyDetector/top.vhd 2017/01/28.13:15:51 P.20131013
EN work/top 1485605772 \
      FL C:/Users/User/Desktop/Politechnika/FrequencyDetector/FrequencyDetector/top.vhd \
      PB ieee/std_logic_1164 1381692176
AR work/top/Behavioral 1485605773 \
      FL C:/Users/User/Desktop/Politechnika/FrequencyDetector/FrequencyDetector/top.vhd \
      EN work/top 1485605772 CP dcm CP work/sdft
FL "C:/Users/User/Desktop/Politechnika/PUR projekt/FrequencyDetector/top.vhd" 2017/01/23.10:08:49 P.20131013
